[boltcloud.co.in/a12rf3078p/Home.html]
[backblue.gif]
[fade.gif]
[index.html]
[boltcloud.co.in/a12rf3078p/Common/StyleSheet.css]
[boltcloud.co.in/a12rf3078p/WebResource0d85.js]
[boltcloud.co.in/a12rf3078p/ScriptResourcec74f.js]
[boltcloud.co.in/a12rf3078p/ScriptResource08f3.js]
[boltcloud.co.in/a12rf3078p/ScriptResource3cc2.js]
[boltcloud.co.in/a12rf3078p/Images/banner_bg.png]
[boltcloud.co.in/a12rf3078p/Images/banner_left.png]
[boltcloud.co.in/a12rf3078p/Images/banner_right.png]
[boltcloud.co.in/a12rf3078p/UserManagement.html]
[boltcloud.co.in/a12rf3078p/SectionMaster.html]
[boltcloud.co.in/a12rf3078p/FeeHeadMaster.html]
[boltcloud.co.in/a12rf3078p/RouteMaster.html]
[boltcloud.co.in/a12rf3078p/StudentMaster.html]
[boltcloud.co.in/a12rf3078p/FeeSectionMapping.html]
[boltcloud.co.in/a12rf3078p/FeeRules.html]
[boltcloud.co.in/a12rf3078p/FeeDeposit.html]
[boltcloud.co.in/a12rf3078p/GenericReport.html]
[boltcloud.co.in/a12rf3078p/ReportFilters366f.html]
[boltcloud.co.in/a12rf3078p/ReportFilters3810.html]
[boltcloud.co.in/a12rf3078p/ReportFilters28ed.html]
[boltcloud.co.in/a12rf3078p/ReportFiltersc110.html]
[boltcloud.co.in/a12rf3078p/Default5fff.html]
[boltcloud.co.in/a12rf3078p/ChangePassword.html]
[boltcloud.co.in/a12rf3078p/Home.html]
[boltcloud.co.in/a12rf3078p/Images/bg.jpg]
[boltcloud.co.in/a12rf3078p/Common/StyleSheet.css]
[boltcloud.co.in/a12rf3078p/WebResource0d85.js]
[boltcloud.co.in/a12rf3078p/ScriptResourcec74f.js]
[boltcloud.co.in/a12rf3078p/ScriptResource08f3.js]
[boltcloud.co.in/a12rf3078p/ScriptResource3cc2.js]
[boltcloud.co.in/a12rf3078p/ScriptResource13c0.js]
[boltcloud.co.in/a12rf3078p/UserManagement.html]
[boltcloud.co.in/a12rf3078p/Images/icon-view.gif]
[boltcloud.co.in/a12rf3078p/Images/edit-icon.gif]
[boltcloud.co.in/a12rf3078p/Images/delete.gif]
[boltcloud.co.in/a12rf3078p/SectionMaster.html]
[boltcloud.co.in/a12rf3078p/FeeHeadMaster.html]
[boltcloud.co.in/a12rf3078p/RouteMaster.html]
[boltcloud.co.in/a12rf3078p/ScriptResource82cf.js]
[boltcloud.co.in/a12rf3078p/ScriptResource612e.js]
[boltcloud.co.in/a12rf3078p/StudentMasterbcaf.js]
[boltcloud.co.in/a12rf3078p/WebResource4ffe.js]
[boltcloud.co.in/a12rf3078p/FeeDepositb735.html]
[boltcloud.co.in/a12rf3078p/Images/fee_icon.png]
[boltcloud.co.in/a12rf3078p/PrintReportb5b4.html]
[boltcloud.co.in/a12rf3078p/Images/ledger_icon.png]
[boltcloud.co.in/a12rf3078p/FeeDeposit87ca.html]
[boltcloud.co.in/a12rf3078p/PrintReport81c8.html]
[boltcloud.co.in/a12rf3078p/FeeDeposit3d1e.html]
[boltcloud.co.in/a12rf3078p/PrintReport3f1b.html]
[boltcloud.co.in/a12rf3078p/FeeDeposit5bf6.html]
[boltcloud.co.in/a12rf3078p/PrintReporta4e6.html]
[boltcloud.co.in/a12rf3078p/StudentDetails26d3.html]
[boltcloud.co.in/a12rf3078p/FeeDeposit410e.html]
[boltcloud.co.in/a12rf3078p/PrintReport21ad.html]
[boltcloud.co.in/a12rf3078p/StudentMaster.html]
[boltcloud.co.in/a12rf3078p/FeeSectionMapping.html]
[boltcloud.co.in/a12rf3078p/FeeRules.html]
[boltcloud.co.in/a12rf3078p/FeeDeposit.html]
[boltcloud.co.in/a12rf3078p/WebResource2363.css]
[boltcloud.co.in/a12rf3078p/GenericReport.html]
[boltcloud.co.in/a12rf3078p/ReportFilters366f.html]
[boltcloud.co.in/a12rf3078p/GenericReport1a91.js]
[boltcloud.co.in/a12rf3078p/ReportFilters1a91.js]
[boltcloud.co.in/a12rf3078p/ReportFilters3810.html]
[boltcloud.co.in/a12rf3078p/ReportFilters28ed.html]
[boltcloud.co.in/a12rf3078p/ReportFiltersc110.html]
[boltcloud.co.in/a12rf3078p/WebResource5279.js]
[boltcloud.co.in/a12rf3078p/Default5fff.html]
[boltcloud.co.in/a12rf3078p/ChangePassword.html]
[boltcloud.co.in/a12rf3078p/Common/images/content_bg.html]
[boltcloud.co.in/a12rf3078p/POST.html]
[boltcloud.co.in/a12rf3078p/Firefox/index.html]
[boltcloud.co.in/a12rf3078p/AppleWebKit/index.html]
[boltcloud.co.in/a12rf3078p/Opera/index.html]
[boltcloud.co.in/a12rf3078p/ScriptResource13c0.js]
[boltcloud.co.in/a12rf3078p/ScriptResource82cf.js]
[boltcloud.co.in/a12rf3078p/ScriptResource612e.js]
[boltcloud.co.in/a12rf3078p/StudentMasterbcaf.js]
[boltcloud.co.in/a12rf3078p/WebResource4ffe.js]
[boltcloud.co.in/a12rf3078p/FeeDepositb735.html]
[boltcloud.co.in/a12rf3078p/Common/Print.css]
[boltcloud.co.in/a12rf3078p/PrintReportb5b4.html]
[boltcloud.co.in/a12rf3078p/FeeDeposit87ca.html]
[boltcloud.co.in/a12rf3078p/PrintReport81c8.html]
[boltcloud.co.in/a12rf3078p/FeeDeposit3d1e.html]
[boltcloud.co.in/a12rf3078p/PrintReport3f1b.html]
[boltcloud.co.in/a12rf3078p/FeeDeposit5bf6.html]
[boltcloud.co.in/a12rf3078p/PrintReporta4e6.html]
[boltcloud.co.in/a12rf3078p/StudentDetails1a91.js]
[boltcloud.co.in/a12rf3078p/StudentImages/Student_12c8b7.jpg]
[boltcloud.co.in/a12rf3078p/StudentDetails26d3.html]
[boltcloud.co.in/a12rf3078p/FeeDeposit410e.html]
[boltcloud.co.in/a12rf3078p/PrintReport21ad.html]
[boltcloud.co.in/a12rf3078p/WebResourcecaea.gif]
[boltcloud.co.in/a12rf3078p/WebResource0849.gif]
[boltcloud.co.in/a12rf3078p/WebResource2363.css]
[boltcloud.co.in/a12rf3078p/GenericReport1a91.js]
[boltcloud.co.in/a12rf3078p/ReportFilters1a91.js]
[boltcloud.co.in/a12rf3078p/WebResource5279.js]
[boltcloud.co.in/a12rf3078p/MicrosoftAjaxWebForms.html]
[boltcloud.co.in/a12rf3078p/MicrosoftAjaxSerialization.html]
[boltcloud.co.in/a12rf3078p/MicrosoftAjaxNetwork.html]
[boltcloud.co.in/a12rf3078p/Common/Print.css]
[boltcloud.co.in/a12rf3078p/StudentDetails1a91.js]
[boltcloud.co.in/a12rf3078p/StudentDetailse906.html]
[boltcloud.co.in/a12rf3078p/StudentDetails8633.html]
[boltcloud.co.in/a12rf3078p/StudentDetails2786.html]
[boltcloud.co.in/a12rf3078p/StudentDetails05e0.html]
